stm32f4xx_it.c:52:6:SysTick_Handler	8	static
stm32f4xx_it.c:74:6:OTG_FS_IRQHandler	0	static
stm32f4xx_it.c:87:6:DMA1_Stream7_IRQHandler	0	static
stm32f4xx_it.c:96:6:NMI_Handler	0	static
stm32f4xx_it.c:105:6:HardFault_Handler	32	static
stm32f4xx_it.c:139:6:MemManage_Handler	0	static
stm32f4xx_it.c:152:6:BusFault_Handler	0	static
stm32f4xx_it.c:165:6:UsageFault_Handler	0	static
stm32f4xx_it.c:178:6:SVC_Handler	0	static
stm32f4xx_it.c:187:6:DebugMon_Handler	0	static
stm32f4xx_it.c:196:6:PendSV_Handler	0	static
