STM_MY_LCD16X2.c:112:13:LCD1602_TIM_MicorSecDelay	0	static
STM_MY_LCD16X2.c:78:13:LCD1602_TIM_Config	32	static
STM_MY_LCD16X2.c:22:13:LCD1602_EnablePulse	16	static
STM_MY_LCD16X2.c:37:13:LCD1602_write	32	static
STM_MY_LCD16X2.c:136:13:LCD1602_write4bitCommand	16	static
STM_MY_LCD16X2.c:120:13:LCD1602_writeCommand	8	static
STM_MY_LCD16X2.c:152:6:LCD1602_Begin8BIT	32	static
STM_MY_LCD16X2.c:194:6:LCD1602_Begin4BIT	24	static
STM_MY_LCD16X2.c:234:6:LCD1602_print	24	static
STM_MY_LCD16X2.c:242:6:LCD1602_setCursor	0	static
STM_MY_LCD16X2.c:257:6:LCD1602_1stLine	0	static
STM_MY_LCD16X2.c:261:6:LCD1602_2ndLine	0	static
STM_MY_LCD16X2.c:266:6:LCD1602_TwoLines	0	static
STM_MY_LCD16X2.c:271:6:LCD1602_OneLine	0	static
STM_MY_LCD16X2.c:277:6:LCD1602_noCursor	0	static
STM_MY_LCD16X2.c:282:6:LCD1602_cursor	0	static
STM_MY_LCD16X2.c:288:6:LCD1602_clear	8	static
STM_MY_LCD16X2.c:294:6:LCD1602_noBlink	0	static
STM_MY_LCD16X2.c:299:6:LCD1602_blink	0	static
STM_MY_LCD16X2.c:305:6:LCD1602_noDisplay	0	static
STM_MY_LCD16X2.c:310:6:LCD1602_display	0	static
STM_MY_LCD16X2.c:316:6:LCD1602_shiftToRight	16	static
STM_MY_LCD16X2.c:323:6:LCD1602_shiftToLeft	16	static
STM_MY_LCD16X2.c:333:6:LCD1602_PrintInt	24	static
STM_MY_LCD16X2.c:340:6:LCD1602_PrintFloat	24	static
